<html>
<body>
<pre>
<h1>礦ision Build Log</h1>
<h2>Tool Versions:</h2>
IDE-Version: μVision V5.14.0.0
Copyright (C) 2015 ARM Ltd and ARM Germany GmbH. All rights reserved.
License Information: QIAN Windows, HP Inc., LIC=X1ERA-19WSM-592GZ-J6QEM-K8DH5-G2FTR
 
Tool Versions:
Toolchain:       MDK-ARM Professional  Version: 5.14.0.0
Toolchain Path:  C:\Keil_v5\ARM\ARMCC\Bin
C Compiler:      Armcc.exe V5.05 update 1 (build 106)
Assembler:       Armasm.exe V5.05 update 1 (build 106)
Linker/Locator:  ArmLink.exe V5.05 update 1 (build 106)
Library Manager: ArmAr.exe V5.05 update 1 (build 106)
Hex Converter:   FromElf.exe V5.05 update 1 (build 106)
CPU DLL:         SARMCM3.DLL V5.14.0.0
Dialog DLL:      DARMSTM.DLL V1.65.0.0
Target DLL:      STLink\ST-LINKIII-KEIL_SWO.dll V2.0.14.0_KEIL
Dialog DLL:      TARMSTM.DLL V1.64.0.0
 
<h2>Project:</h2>
D:\电子电路\电子电路设计大赛 智能小车\VERSION1.4最终版本\USER\HC05.uvprojx
Project File Date:  12/21/2017

<h2>Output:</h2>
Rebuild target 'HC05'
compiling main.c...
main.c(34): warning:  #223-D: function "Timer_SRD_Init" declared implicitly
        Timer_SRD_Init(5000,7199);
main.c(24): warning:  #177-D: variable "t" was declared but never referenced
          u8 t,temp=5;
main.c(24): warning:  #550-D: variable "temp" was set but never used
          u8 t,temp=5;
main.c(25): warning:  #177-D: variable "sendcnt" was declared but never referenced
        u8 sendcnt=0;
main.c(26): warning:  #177-D: variable "sendbuf" was declared but never referenced
        u8 sendbuf[20]; 
main.c: 5 warnings, 0 errors
compiling stm32f10x_it.c...
compiling system_stm32f10x.c...
compiling led.c...
compiling key.c...
compiling timer.c...
..\HARDWARE\TIMER\timer.c(215): warning:  #1-D: last line of file ends without a newline
  }
..\HARDWARE\TIMER\timer.c: 1 warning, 0 errors
compiling usart3.c...
compiling hc05.c...
compiling oled.c...
compiling motor.c...
compiling dht11.c...
compiling exti.c...
compiling Flame.c...
..\HARDWARE\FLAME\Flame.c(39): warning:  #1-D: last line of file ends without a newline
        
..\HARDWARE\FLAME\Flame.c: 1 warning, 0 errors
compiling wave.c...
compiling delay.c...
compiling sys.c...
compiling usart.c...
compiling core_cm3.c...
assembling startup_stm32f10x_hd.s...
compiling misc.c...
compiling stm32f10x_fsmc.c...
compiling stm32f10x_gpio.c...
compiling stm32f10x_rcc.c...
compiling stm32f10x_usart.c...
compiling stm32f10x_tim.c...
compiling stm32f10x_dma.c...
compiling stm32f10x_exti.c...
compiling usmart.c...
compiling usmart_config.c...
compiling usmart_str.c...
linking...
Program Size: Code=25736 RO-data=7060 RW-data=376 ZI-data=4056  
FromELF: creating hex file...
"..\OBJ\ATK-HC05.axf" - 0 Error(s), 7 Warning(s).

<h2>Collection of Component include folders:</h2>
  D:\电子电路\电子电路设计大赛 智能小车\VERSION1.4最终版本\USER\RTE
  C:\Keil_v5\ARM\PACK\Keil\STM32F1xx_DFP\2.2.0

<h2>Collection of Component Files used:</h2>
</pre>
</body>
</html>
